{
  "version": "1.5.0",
  "plugins_used": [
    {
      "name": "ArtifactoryDetector"
    },
    {
      "name": "AWSKeyDetector"
    },
    {
      "name": "AzureStorageKeyDetector"
    },
    {
      "name": "Base64HighEntropyString",
      "limit": 4.5
    },
    {
      "name": "BasicAuthDetector"
    },
    {
      "name": "CloudantDetector"
    },
    {
      "name": "DiscordBotTokenDetector"
    },
    {
      "name": "GitHubTokenDetector"
    },
    {
      "name": "GitLabTokenDetector"
    },
    {
      "name": "HexHighEntropyString",
      "limit": 3.0
    },
    {
      "name": "IbmCloudIamDetector"
    },
    {
      "name": "IbmCosHmacDetector"
    },
    {
      "name": "IPPublicDetector"
    },
    {
      "name": "JwtTokenDetector"
    },
    {
      "name": "KeywordDetector",
      "keyword_exclude": ""
    },
    {
      "name": "MailchimpDetector"
    },
    {
      "name": "NpmDetector"
    },
    {
      "name": "OpenAIDetector"
    },
    {
      "name": "PrivateKeyDetector"
    },
    {
      "name": "PypiTokenDetector"
    },
    {
      "name": "SendGridDetector"
    },
    {
      "name": "SlackDetector"
    },
    {
      "name": "SoftlayerDetector"
    },
    {
      "name": "SquareOAuthDetector"
    },
    {
      "name": "StripeDetector"
    },
    {
      "name": "TelegramBotTokenDetector"
    },
    {
      "name": "TwilioKeyDetector"
    }
  ],
  "filters_used": [
    {
      "path": "detect_secrets.filters.allowlist.is_line_allowlisted"
    },
    {
      "path": "detect_secrets.filters.common.is_baseline_file",
      "filename": ".secrets.baseline"
    },
    {
      "path": "detect_secrets.filters.common.is_ignored_due_to_verification_policies",
      "min_level": 2
    },
    {
      "path": "detect_secrets.filters.heuristic.is_indirect_reference"
    },
    {
      "path": "detect_secrets.filters.heuristic.is_likely_id_string"
    },
    {
      "path": "detect_secrets.filters.heuristic.is_lock_file"
    },
    {
      "path": "detect_secrets.filters.heuristic.is_not_alphanumeric_string"
    },
    {
      "path": "detect_secrets.filters.heuristic.is_potential_uuid"
    },
    {
      "path": "detect_secrets.filters.heuristic.is_prefixed_with_dollar_sign"
    },
    {
      "path": "detect_secrets.filters.heuristic.is_sequential_string"
    },
    {
      "path": "detect_secrets.filters.heuristic.is_swagger_file"
    },
    {
      "path": "detect_secrets.filters.heuristic.is_templated_secret"
    },
    {
      "path": "detect_secrets.filters.regex.should_exclude_file",
      "pattern": [
        "\\.secrets\\.baseline"
      ]
    }
  ],
  "results": {
    ".env.ci": [
      {
        "type": "Secret Keyword",
        "filename": ".env.ci",
        "hashed_secret": "8416027e5d7f7d4cbc4b3dd9fa69b1a17ebc7b1a",
        "is_verified": false,
        "line_number": 13
      },
      {
        "type": "Secret Keyword",
        "filename": ".env.ci",
        "hashed_secret": "7a9f537379d445cf3eebf4095df242e1406ac9e9",
        "is_verified": false,
        "line_number": 16
      },
      {
        "type": "Secret Keyword",
        "filename": ".env.ci",
        "hashed_secret": "53c68be30008b9974eebb182df926b84cadde23e",
        "is_verified": false,
        "line_number": 26
      },
      {
        "type": "Secret Keyword",
        "filename": ".env.ci",
        "hashed_secret": "b1f93dbeae542488b5742cad83c0777a0f7c8696",
        "is_verified": false,
        "line_number": 27
      },
      {
        "type": "Secret Keyword",
        "filename": ".env.ci",
        "hashed_secret": "b2be12f174d54e28512ecccaf3b0d05359419ded",
        "is_verified": false,
        "line_number": 34
      },
      {
        "type": "Secret Keyword",
        "filename": ".env.ci",
        "hashed_secret": "afd84dd061397dc95c97dfc6423b4d9f6498fb18",
        "is_verified": false,
        "line_number": 41
      },
      {
        "type": "Secret Keyword",
        "filename": ".env.ci",
        "hashed_secret": "1da45421330e053c11b0f29787a03a1eb7d51952",
        "is_verified": false,
        "line_number": 44
      },
      {
        "type": "Secret Keyword",
        "filename": ".env.ci",
        "hashed_secret": "d033e22ae348aeb5660fc2140aec35850c4da997",
        "is_verified": false,
        "line_number": 56
      }
    ],
    ".env.dev": [
      {
        "type": "Secret Keyword",
        "filename": ".env.dev",
        "hashed_secret": "ffc9633ab8696042acf55509ccd7f304d2e2bfd1",
        "is_verified": false,
        "line_number": 11
      },
      {
        "type": "Secret Keyword",
        "filename": ".env.dev",
        "hashed_secret": "5bab0d1b6566bf754ba829df7b2d3ba3bda07a99",
        "is_verified": false,
        "line_number": 16
      },
      {
        "type": "Secret Keyword",
        "filename": ".env.dev",
        "hashed_secret": "88b87eb6f2fc29e9063a6fc9c0b5f044cd6422ad",
        "is_verified": false,
        "line_number": 21
      },
      {
        "type": "Secret Keyword",
        "filename": ".env.dev",
        "hashed_secret": "4ef3213eea27b3fd765f36792fd8f1e31b9f2525",
        "is_verified": false,
        "line_number": 37
      },
      {
        "type": "Secret Keyword",
        "filename": ".env.dev",
        "hashed_secret": "37d9e9bd59d1ff2c1c41c0485fcf5f090aa6f897",
        "is_verified": false,
        "line_number": 42
      },
      {
        "type": "Secret Keyword",
        "filename": ".env.dev",
        "hashed_secret": "bc565f6e909ec7d3c18e2ff5d9eeb2300ff20b7f",
        "is_verified": false,
        "line_number": 46
      },
      {
        "type": "Secret Keyword",
        "filename": ".env.dev",
        "hashed_secret": "987a53f8274db09fd30dbebe16015c6f82de2fa4",
        "is_verified": false,
        "line_number": 50
      }
    ],
    ".github/workflows/04-pytest.yml": [
      {
        "type": "Secret Keyword",
        "filename": ".github/workflows/04-pytest.yml",
        "hashed_secret": "b71d494da8d930401ba9b32b7cef87295f3eb6d3",
        "is_verified": false,
        "line_number": 28
      },
      {
        "type": "Secret Keyword",
        "filename": ".github/workflows/04-pytest.yml",
        "hashed_secret": "2e7a7ee14caebf378fc32d6cf6f557f347c96773",
        "is_verified": false,
        "line_number": 31
      }
    ],
    ".github/workflows/dev-environment-ci.yml": [
      {
        "type": "Secret Keyword",
        "filename": ".github/workflows/dev-environment-ci.yml",
        "hashed_secret": "74d0191fa99311a7fc170680d7d8994d9bf2a4f9",
        "is_verified": false,
        "line_number": 44
      }
    ],
    "backend/dev_tests/manual/test_cot_llm_integration.py": [
      {
        "type": "Secret Keyword",
        "filename": "backend/dev_tests/manual/test_cot_llm_integration.py",
        "hashed_secret": "a94a8fe5ccb19ba61c4c0873d391e987982fbbd3",
        "is_verified": false,
        "line_number": 24
      }
    ],
    "backend/dev_tests/manual/test_cot_manual.py": [
      {
        "type": "Secret Keyword",
        "filename": "backend/dev_tests/manual/test_cot_manual.py",
        "hashed_secret": "a94a8fe5ccb19ba61c4c0873d391e987982fbbd3",
        "is_verified": false,
        "line_number": 16
      }
    ],
    "backend/dev_tests/manual/test_settings_only.py": [
      {
        "type": "Secret Keyword",
        "filename": "backend/dev_tests/manual/test_settings_only.py",
        "hashed_secret": "d4e0e04792fd434b5dc9c4155c178f66edcf4ed3",
        "is_verified": false,
        "line_number": 57
      },
      {
        "type": "Secret Keyword",
        "filename": "backend/dev_tests/manual/test_settings_only.py",
        "hashed_secret": "2e7a7ee14caebf378fc32d6cf6f557f347c96773",
        "is_verified": false,
        "line_number": 60
      }
    ],
    "backend/rag_solution/core/device_flow.py": [
      {
        "type": "Base64 High Entropy String",
        "filename": "backend/rag_solution/core/device_flow.py",
        "hashed_secret": "f8c6f1ff98c5ee78c27d34a3ca68f35ad79847af",
        "is_verified": false,
        "line_number": 149
      }
    ],
    "backend/scripts/fix_unit_tests.py": [
      {
        "type": "Secret Keyword",
        "filename": "backend/scripts/fix_unit_tests.py",
        "hashed_secret": "d4e0e04792fd434b5dc9c4155c178f66edcf4ed3",
        "is_verified": false,
        "line_number": 25
      },
      {
        "type": "Basic Auth Credentials",
        "filename": "backend/scripts/fix_unit_tests.py",
        "hashed_secret": "a94a8fe5ccb19ba61c4c0873d391e987982fbbd3",
        "is_verified": false,
        "line_number": 28
      }
    ],
    "backend/tests/atomic/conftest.py": [
      {
        "type": "Secret Keyword",
        "filename": "backend/tests/atomic/conftest.py",
        "hashed_secret": "d4e0e04792fd434b5dc9c4155c178f66edcf4ed3",
        "is_verified": false,
        "line_number": 13
      },
      {
        "type": "Secret Keyword",
        "filename": "backend/tests/atomic/conftest.py",
        "hashed_secret": "2e7a7ee14caebf378fc32d6cf6f557f347c96773",
        "is_verified": false,
        "line_number": 15
      },
      {
        "type": "Basic Auth Credentials",
        "filename": "backend/tests/atomic/conftest.py",
        "hashed_secret": "a94a8fe5ccb19ba61c4c0873d391e987982fbbd3",
        "is_verified": false,
        "line_number": 21
      },
      {
        "type": "Secret Keyword",
        "filename": "backend/tests/atomic/conftest.py",
        "hashed_secret": "7288edd0fc3ffcbe93a0cf06e3568e28521687bc",
        "is_verified": false,
        "line_number": 24
      }
    ],
    "backend/tests/atomic/test_data_validation.py": [
      {
        "type": "Secret Keyword",
        "filename": "backend/tests/atomic/test_data_validation.py",
        "hashed_secret": "d4e0e04792fd434b5dc9c4155c178f66edcf4ed3",
        "is_verified": false,
        "line_number": 83
      }
    ],
    "backend/tests/atomic/test_device_flow_config.py": [
      {
        "type": "Secret Keyword",
        "filename": "backend/tests/atomic/test_device_flow_config.py",
        "hashed_secret": "fe1bae27cb7c1fb823f496f286e78f1d2ae87734",
        "is_verified": false,
        "line_number": 23
      },
      {
        "type": "Secret Keyword",
        "filename": "backend/tests/atomic/test_device_flow_config.py",
        "hashed_secret": "8a8281cec699f5e51330e21dd7fab3531af6ef0c",
        "is_verified": false,
        "line_number": 48
      },
      {
        "type": "Base64 High Entropy String",
        "filename": "backend/tests/atomic/test_device_flow_config.py",
        "hashed_secret": "ca15d23a2ccdee96d9e8e0ea5041e091d352266d",
        "is_verified": false,
        "line_number": 151
      }
    ],
    "backend/tests/atomic/test_system_initialization_service.py": [
      {
        "type": "Secret Keyword",
        "filename": "backend/tests/atomic/test_system_initialization_service.py",
        "hashed_secret": "2363577c3336ba4e1523b91289a777c528382e22",
        "is_verified": false,
        "line_number": 193
      },
      {
        "type": "Secret Keyword",
        "filename": "backend/tests/atomic/test_system_initialization_service.py",
        "hashed_secret": "75ddfb45216fe09680dfe70eda4f559a910c832c",
        "is_verified": false,
        "line_number": 203
      }
    ],
    "backend/tests/conftest.py": [
      {
        "type": "Secret Keyword",
        "filename": "backend/tests/conftest.py",
        "hashed_secret": "d4e0e04792fd434b5dc9c4155c178f66edcf4ed3",
        "is_verified": false,
        "line_number": 76
      },
      {
        "type": "Secret Keyword",
        "filename": "backend/tests/conftest.py",
        "hashed_secret": "2e7a7ee14caebf378fc32d6cf6f557f347c96773",
        "is_verified": false,
        "line_number": 78
      },
      {
        "type": "Secret Keyword",
        "filename": "backend/tests/conftest.py",
        "hashed_secret": "084512599413db7d0a8f6deb7421d96f506ec3e2",
        "is_verified": false,
        "line_number": 156
      },
      {
        "type": "Secret Keyword",
        "filename": "backend/tests/conftest.py",
        "hashed_secret": "36f946a7786b1a29ab88949201cc3b33e20d5ec9",
        "is_verified": false,
        "line_number": 159
      }
    ],
    "backend/tests/e2e/test_cli_e2e.py": [
      {
        "type": "JSON Web Token",
        "filename": "backend/tests/e2e/test_cli_e2e.py",
        "hashed_secret": "ab54909e177ca602cdfc78c1f34bb09701da61cd",
        "is_verified": false,
        "line_number": 96
      }
    ],
    "backend/tests/e2e/test_system_administration_e2e.py": [
      {
        "type": "Secret Keyword",
        "filename": "backend/tests/e2e/test_system_administration_e2e.py",
        "hashed_secret": "2e7a7ee14caebf378fc32d6cf6f557f347c96773",
        "is_verified": false,
        "line_number": 80
      }
    ],
    "backend/tests/integration/conftest.py": [
      {
        "type": "Basic Auth Credentials",
        "filename": "backend/tests/integration/conftest.py",
        "hashed_secret": "a94a8fe5ccb19ba61c4c0873d391e987982fbbd3",
        "is_verified": false,
        "line_number": 20
      },
      {
        "type": "Secret Keyword",
        "filename": "backend/tests/integration/conftest.py",
        "hashed_secret": "7288edd0fc3ffcbe93a0cf06e3568e28521687bc",
        "is_verified": false,
        "line_number": 32
      },
      {
        "type": "Secret Keyword",
        "filename": "backend/tests/integration/conftest.py",
        "hashed_secret": "d4e0e04792fd434b5dc9c4155c178f66edcf4ed3",
        "is_verified": false,
        "line_number": 39
      }
    ],
    "backend/tests/integration/test_system_initialization_integration.py": [
      {
        "type": "Secret Keyword",
        "filename": "backend/tests/integration/test_system_initialization_integration.py",
        "hashed_secret": "3bee216ebc256d692260fc3adc765050508fef5e",
        "is_verified": false,
        "line_number": 109
      }
    ],
    "backend/tests/test_cicd_precommit_coverage.py": [
      {
        "type": "Secret Keyword",
        "filename": "backend/tests/test_cicd_precommit_coverage.py",
        "hashed_secret": "b71d494da8d930401ba9b32b7cef87295f3eb6d3",
        "is_verified": false,
        "line_number": 111
      },
      {
        "type": "Secret Keyword",
        "filename": "backend/tests/test_cicd_precommit_coverage.py",
        "hashed_secret": "2e7a7ee14caebf378fc32d6cf6f557f347c96773",
        "is_verified": false,
        "line_number": 114
      }
    ],
    "backend/tests/test_settings_acceptance.py": [
      {
        "type": "Secret Keyword",
        "filename": "backend/tests/test_settings_acceptance.py",
        "hashed_secret": "4c02548dcadbe86c9b5aa6754db0d844262b967b",
        "is_verified": false,
        "line_number": 104
      }
    ],
    "backend/tests/unit/conftest.py": [
      {
        "type": "Secret Keyword",
        "filename": "backend/tests/unit/conftest.py",
        "hashed_secret": "d4e0e04792fd434b5dc9c4155c178f66edcf4ed3",
        "is_verified": false,
        "line_number": 152
      },
      {
        "type": "Basic Auth Credentials",
        "filename": "backend/tests/unit/conftest.py",
        "hashed_secret": "a94a8fe5ccb19ba61c4c0873d391e987982fbbd3",
        "is_verified": false,
        "line_number": 155
      },
      {
        "type": "Secret Keyword",
        "filename": "backend/tests/unit/conftest.py",
        "hashed_secret": "2e7a7ee14caebf378fc32d6cf6f557f347c96773",
        "is_verified": false,
        "line_number": 156
      }
    ],
    "backend/tests/unit/test_cli_atomic.py": [
      {
        "type": "JSON Web Token",
        "filename": "backend/tests/unit/test_cli_atomic.py",
        "hashed_secret": "d6b66ddd9ea7dbe760114bfe9a97352a5e139134",
        "is_verified": false,
        "line_number": 179
      }
    ],
    "backend/tests/unit/test_cli_client.py": [
      {
        "type": "JSON Web Token",
        "filename": "backend/tests/unit/test_cli_client.py",
        "hashed_secret": "ab54909e177ca602cdfc78c1f34bb09701da61cd",
        "is_verified": false,
        "line_number": 13
      }
    ],
    "backend/tests/unit/test_device_flow_auth.py": [
      {
        "type": "Secret Keyword",
        "filename": "backend/tests/unit/test_device_flow_auth.py",
        "hashed_secret": "03f5e2d670af3e9183f3fe790785b0d41291a17d",
        "is_verified": false,
        "line_number": 29
      },
      {
        "type": "JSON Web Token",
        "filename": "backend/tests/unit/test_device_flow_auth.py",
        "hashed_secret": "f83bba812e352c4ab583a5d81891bd7b1ba9be90",
        "is_verified": false,
        "line_number": 162
      }
    ],
    "backend/tests/unit/test_settings_dependency_injection.py": [
      {
        "type": "Secret Keyword",
        "filename": "backend/tests/unit/test_settings_dependency_injection.py",
        "hashed_secret": "d4e0e04792fd434b5dc9c4155c178f66edcf4ed3",
        "is_verified": false,
        "line_number": 67
      },
      {
        "type": "Secret Keyword",
        "filename": "backend/tests/unit/test_settings_dependency_injection.py",
        "hashed_secret": "546c671c107ed0188a599f38e07ebab6d42b26df",
        "is_verified": false,
        "line_number": 148
      },
      {
        "type": "Secret Keyword",
        "filename": "backend/tests/unit/test_settings_dependency_injection.py",
        "hashed_secret": "3acfb2c2b433c0ea7ff107e33df91b18e52f960f",
        "is_verified": false,
        "line_number": 520
      }
    ],
    "deployment/ansible/group_vars/development/main.yml": [
      {
        "type": "Secret Keyword",
        "filename": "deployment/ansible/group_vars/development/main.yml",
        "hashed_secret": "04d49b269fc0fbfcfe51ceb9280b4c0055c219e4",
        "is_verified": false,
        "line_number": 41
      },
      {
        "type": "Secret Keyword",
        "filename": "deployment/ansible/group_vars/development/main.yml",
        "hashed_secret": "bc565f6e909ec7d3c18e2ff5d9eeb2300ff20b7f",
        "is_verified": false,
        "line_number": 46
      }
    ],
    "deployment/terraform/environments/ibm/dev.tfvars": [
      {
        "type": "Secret Keyword",
        "filename": "deployment/terraform/environments/ibm/dev.tfvars",
        "hashed_secret": "1042188d51afe0c0b267d5c98e5ac2f2c741b28f",
        "is_verified": false,
        "line_number": 15
      },
      {
        "type": "Secret Keyword",
        "filename": "deployment/terraform/environments/ibm/dev.tfvars",
        "hashed_secret": "55317c82c83288322d1d5b0111cf7674068213b9",
        "is_verified": false,
        "line_number": 40
      }
    ],
    "deployment/terraform/environments/ibm/prod.tfvars": [
      {
        "type": "Secret Keyword",
        "filename": "deployment/terraform/environments/ibm/prod.tfvars",
        "hashed_secret": "c853d01aab7216081e8a4389f8d20bfe5f3849ac",
        "is_verified": false,
        "line_number": 15
      },
      {
        "type": "Secret Keyword",
        "filename": "deployment/terraform/environments/ibm/prod.tfvars",
        "hashed_secret": "26cb66af90adb7fc6848343bfac7179341bfe4dc",
        "is_verified": false,
        "line_number": 40
      }
    ],
    "docs/api/provider_configuration.md": [
      {
        "type": "Secret Keyword",
        "filename": "docs/api/provider_configuration.md",
        "hashed_secret": "11fa7c37d697f30e6aee828b4426a10f83ab2380",
        "is_verified": false,
        "line_number": 30
      }
    ],
    "docs/cli/authentication.md": [
      {
        "type": "Secret Keyword",
        "filename": "docs/cli/authentication.md",
        "hashed_secret": "c303df00cd0a72b21c62900b758b06fc541664ce",
        "is_verified": false,
        "line_number": 72
      }
    ],
    "docs/cli/configuration.md": [
      {
        "type": "Secret Keyword",
        "filename": "docs/cli/configuration.md",
        "hashed_secret": "c303df00cd0a72b21c62900b758b06fc541664ce",
        "is_verified": false,
        "line_number": 313
      },
      {
        "type": "Secret Keyword",
        "filename": "docs/cli/configuration.md",
        "hashed_secret": "dbdab9be92cacdae6a97e8601332bfaa8545800f",
        "is_verified": false,
        "line_number": 431
      }
    ],
    "docs/deployment/ibm-cloud-code-engine.md": [
      {
        "type": "Basic Auth Credentials",
        "filename": "docs/deployment/ibm-cloud-code-engine.md",
        "hashed_secret": "5baa61e4c9b93f3f0682250b6cf8331b7ee68fd8",
        "is_verified": false,
        "line_number": 335
      },
      {
        "type": "Secret Keyword",
        "filename": "docs/deployment/ibm-cloud-code-engine.md",
        "hashed_secret": "11fa7c37d697f30e6aee828b4426a10f83ab2380",
        "is_verified": false,
        "line_number": 704
      }
    ],
    "docs/deployment/index.md": [
      {
        "type": "Secret Keyword",
        "filename": "docs/deployment/index.md",
        "hashed_secret": "354b3a4b7715d3694c88a4fa7db49e41de86568e",
        "is_verified": false,
        "line_number": 363
      }
    ],
    "docs/deployment/managed-services.md": [
      {
        "type": "Basic Auth Credentials",
        "filename": "docs/deployment/managed-services.md",
        "hashed_secret": "5baa61e4c9b93f3f0682250b6cf8331b7ee68fd8",
        "is_verified": false,
        "line_number": 61
      }
    ],
    "docs/deployment/production.md": [
      {
        "type": "Secret Keyword",
        "filename": "docs/deployment/production.md",
        "hashed_secret": "354b3a4b7715d3694c88a4fa7db49e41de86568e",
        "is_verified": false,
        "line_number": 347
      }
    ],
    "docs/deployment/security-hardening.md": [
      {
        "type": "Secret Keyword",
        "filename": "docs/deployment/security-hardening.md",
        "hashed_secret": "e349674cd33923380f88b6ae67a750258a7e9a57",
        "is_verified": false,
        "line_number": 331
      }
    ],
    "docs/deployment/testing-guide.md": [
      {
        "type": "Secret Keyword",
        "filename": "docs/deployment/testing-guide.md",
        "hashed_secret": "3acfb2c2b433c0ea7ff107e33df91b18e52f960f",
        "is_verified": false,
        "line_number": 148
      },
      {
        "type": "Secret Keyword",
        "filename": "docs/deployment/testing-guide.md",
        "hashed_secret": "11fa7c37d697f30e6aee828b4426a10f83ab2380",
        "is_verified": false,
        "line_number": 262
      }
    ],
    "docs/development/secret-management.md": [
      {
        "type": "Private Key",
        "filename": "docs/development/secret-management.md",
        "hashed_secret": "1348b145fa1a555461c1b790a2f66614781091e9",
        "is_verified": false,
        "line_number": 106
      }
    ],
    "docs/fixes/TEST_ISOLATION.md": [
      {
        "type": "Secret Keyword",
        "filename": "docs/fixes/TEST_ISOLATION.md",
        "hashed_secret": "fe1bae27cb7c1fb823f496f286e78f1d2ae87734",
        "is_verified": false,
        "line_number": 49
      },
      {
        "type": "Secret Keyword",
        "filename": "docs/fixes/TEST_ISOLATION.md",
        "hashed_secret": "d4e0e04792fd434b5dc9c4155c178f66edcf4ed3",
        "is_verified": false,
        "line_number": 102
      }
    ],
    "docs/tests/FIXTURE_CENTRALIZATION_STRATEGY.md": [
      {
        "type": "Secret Keyword",
        "filename": "docs/tests/FIXTURE_CENTRALIZATION_STRATEGY.md",
        "hashed_secret": "d4e0e04792fd434b5dc9c4155c178f66edcf4ed3",
        "is_verified": false,
        "line_number": 237
      },
      {
        "type": "Secret Keyword",
        "filename": "docs/tests/FIXTURE_CENTRALIZATION_STRATEGY.md",
        "hashed_secret": "2e7a7ee14caebf378fc32d6cf6f557f347c96773",
        "is_verified": false,
        "line_number": 239
      }
    ],
    "docs/tests/FIXTURE_MIGRATION_MAPPING.md": [
      {
        "type": "Secret Keyword",
        "filename": "docs/tests/FIXTURE_MIGRATION_MAPPING.md",
        "hashed_secret": "d4e0e04792fd434b5dc9c4155c178f66edcf4ed3",
        "is_verified": false,
        "line_number": 602
      },
      {
        "type": "Secret Keyword",
        "filename": "docs/tests/FIXTURE_MIGRATION_MAPPING.md",
        "hashed_secret": "2e7a7ee14caebf378fc32d6cf6f557f347c96773",
        "is_verified": false,
        "line_number": 604
      }
    ],
    "docs/tests/IMPLEMENTATION_ROADMAP.md": [
      {
        "type": "Secret Keyword",
        "filename": "docs/tests/IMPLEMENTATION_ROADMAP.md",
        "hashed_secret": "d4e0e04792fd434b5dc9c4155c178f66edcf4ed3",
        "is_verified": false,
        "line_number": 99
      },
      {
        "type": "Secret Keyword",
        "filename": "docs/tests/IMPLEMENTATION_ROADMAP.md",
        "hashed_secret": "2e7a7ee14caebf378fc32d6cf6f557f347c96773",
        "is_verified": false,
        "line_number": 101
      }
    ],
    "docs/tests/MASTER_TEST_OPTIMIZATION_ROADMAP.md": [
      {
        "type": "Secret Keyword",
        "filename": "docs/tests/MASTER_TEST_OPTIMIZATION_ROADMAP.md",
        "hashed_secret": "d4e0e04792fd434b5dc9c4155c178f66edcf4ed3",
        "is_verified": false,
        "line_number": 298
      },
      {
        "type": "Secret Keyword",
        "filename": "docs/tests/MASTER_TEST_OPTIMIZATION_ROADMAP.md",
        "hashed_secret": "2e7a7ee14caebf378fc32d6cf6f557f347c96773",
        "is_verified": false,
        "line_number": 300
      }
    ],
    "experiments/watsonx-perf.py": [
      {
        "type": "Base64 High Entropy String",
        "filename": "experiments/watsonx-perf.py",
        "hashed_secret": "6edfe125779c12e26fa689f21e733a61fc1b7f7f",
        "is_verified": false,
        "line_number": 18
      }
    ],
    "scripts/validate-env.sh": [
      {
        "type": "Secret Keyword",
        "filename": "scripts/validate-env.sh",
        "hashed_secret": "edbd79e64b15105cdaa27fb7efd3c3e054eac138",
        "is_verified": false,
        "line_number": 147
      },
      {
        "type": "Secret Keyword",
        "filename": "scripts/validate-env.sh",
        "hashed_secret": "987a53f8274db09fd30dbebe16015c6f82de2fa4",
        "is_verified": false,
        "line_number": 151
      }
    ],
    "scripts/validate_env.py": [
      {
        "type": "Secret Keyword",
        "filename": "scripts/validate_env.py",
        "hashed_secret": "4fa9ca334b16f761370d0aaa44efd4f86c802b4f",
        "is_verified": false,
        "line_number": 19
      },
      {
        "type": "Secret Keyword",
        "filename": "scripts/validate_env.py",
        "hashed_secret": "5da59d739b52294b283d5f9a91d6d09e64c21a43",
        "is_verified": false,
        "line_number": 23
      },
      {
        "type": "Secret Keyword",
        "filename": "scripts/validate_env.py",
        "hashed_secret": "c40f3e5f77401871ef412eeb845c0b3f7223bea3",
        "is_verified": false,
        "line_number": 30
      },
      {
        "type": "Secret Keyword",
        "filename": "scripts/validate_env.py",
        "hashed_secret": "660bbb3f6032a284a9b81ded5b244b1ec1f153c1",
        "is_verified": false,
        "line_number": 40
      },
      {
        "type": "Secret Keyword",
        "filename": "scripts/validate_env.py",
        "hashed_secret": "42ad18ee2a80317ae09181a0f6b0ae4acab8ef52",
        "is_verified": false,
        "line_number": 41
      }
    ],
    "tests/conftest.py": [
      {
        "type": "Secret Keyword",
        "filename": "tests/conftest.py",
        "hashed_secret": "d4e0e04792fd434b5dc9c4155c178f66edcf4ed3",
        "is_verified": false,
        "line_number": 151
      },
      {
        "type": "Secret Keyword",
        "filename": "tests/conftest.py",
        "hashed_secret": "2e7a7ee14caebf378fc32d6cf6f557f347c96773",
        "is_verified": false,
        "line_number": 153
      },
      {
        "type": "Secret Keyword",
        "filename": "tests/conftest.py",
        "hashed_secret": "084512599413db7d0a8f6deb7421d96f506ec3e2",
        "is_verified": false,
        "line_number": 239
      },
      {
        "type": "Secret Keyword",
        "filename": "tests/conftest.py",
        "hashed_secret": "36f946a7786b1a29ab88949201cc3b33e20d5ec9",
        "is_verified": false,
        "line_number": 242
      }
    ],
    "tests/conftest_backup.py": [
      {
        "type": "Secret Keyword",
        "filename": "tests/conftest_backup.py",
        "hashed_secret": "d4e0e04792fd434b5dc9c4155c178f66edcf4ed3",
        "is_verified": false,
        "line_number": 75
      },
      {
        "type": "Secret Keyword",
        "filename": "tests/conftest_backup.py",
        "hashed_secret": "2e7a7ee14caebf378fc32d6cf6f557f347c96773",
        "is_verified": false,
        "line_number": 77
      },
      {
        "type": "Secret Keyword",
        "filename": "tests/conftest_backup.py",
        "hashed_secret": "084512599413db7d0a8f6deb7421d96f506ec3e2",
        "is_verified": false,
        "line_number": 155
      },
      {
        "type": "Secret Keyword",
        "filename": "tests/conftest_backup.py",
        "hashed_secret": "36f946a7786b1a29ab88949201cc3b33e20d5ec9",
        "is_verified": false,
        "line_number": 158
      }
    ],
    "tests/e2e/test_cli_e2e.py": [
      {
        "type": "JSON Web Token",
        "filename": "tests/e2e/test_cli_e2e.py",
        "hashed_secret": "ab54909e177ca602cdfc78c1f34bb09701da61cd",
        "is_verified": false,
        "line_number": 96
      }
    ],
    "tests/e2e/test_system_administration_e2e.py": [
      {
        "type": "Secret Keyword",
        "filename": "tests/e2e/test_system_administration_e2e.py",
        "hashed_secret": "2e7a7ee14caebf378fc32d6cf6f557f347c96773",
        "is_verified": false,
        "line_number": 80
      }
    ],
    "tests/integration/conftest.py": [
      {
        "type": "Secret Keyword",
        "filename": "tests/integration/conftest.py",
        "hashed_secret": "7288edd0fc3ffcbe93a0cf06e3568e28521687bc",
        "is_verified": false,
        "line_number": 97
      },
      {
        "type": "Secret Keyword",
        "filename": "tests/integration/conftest.py",
        "hashed_secret": "d4e0e04792fd434b5dc9c4155c178f66edcf4ed3",
        "is_verified": false,
        "line_number": 104
      },
      {
        "type": "Basic Auth Credentials",
        "filename": "tests/integration/conftest.py",
        "hashed_secret": "a94a8fe5ccb19ba61c4c0873d391e987982fbbd3",
        "is_verified": false,
        "line_number": 112
      }
    ],
    "tests/integration/conftest_backup.py": [
      {
        "type": "Basic Auth Credentials",
        "filename": "tests/integration/conftest_backup.py",
        "hashed_secret": "a94a8fe5ccb19ba61c4c0873d391e987982fbbd3",
        "is_verified": false,
        "line_number": 20
      },
      {
        "type": "Secret Keyword",
        "filename": "tests/integration/conftest_backup.py",
        "hashed_secret": "7288edd0fc3ffcbe93a0cf06e3568e28521687bc",
        "is_verified": false,
        "line_number": 32
      },
      {
        "type": "Secret Keyword",
        "filename": "tests/integration/conftest_backup.py",
        "hashed_secret": "d4e0e04792fd434b5dc9c4155c178f66edcf4ed3",
        "is_verified": false,
        "line_number": 39
      }
    ],
    "tests/integration/test_system_initialization_integration.py": [
      {
        "type": "Secret Keyword",
        "filename": "tests/integration/test_system_initialization_integration.py",
        "hashed_secret": "3bee216ebc256d692260fc3adc765050508fef5e",
        "is_verified": false,
        "line_number": 108
      }
    ],
    "tests/unit/conftest.py": [
      {
        "type": "Secret Keyword",
        "filename": "tests/unit/conftest.py",
        "hashed_secret": "d4e0e04792fd434b5dc9c4155c178f66edcf4ed3",
        "is_verified": false,
        "line_number": 152
      },
      {
        "type": "Basic Auth Credentials",
        "filename": "tests/unit/conftest.py",
        "hashed_secret": "a94a8fe5ccb19ba61c4c0873d391e987982fbbd3",
        "is_verified": false,
        "line_number": 155
      },
      {
        "type": "Secret Keyword",
        "filename": "tests/unit/conftest.py",
        "hashed_secret": "2e7a7ee14caebf378fc32d6cf6f557f347c96773",
        "is_verified": false,
        "line_number": 156
      }
    ],
    "tests/unit/conftest_backup.py": [
      {
        "type": "Secret Keyword",
        "filename": "tests/unit/conftest_backup.py",
        "hashed_secret": "d4e0e04792fd434b5dc9c4155c178f66edcf4ed3",
        "is_verified": false,
        "line_number": 152
      },
      {
        "type": "Basic Auth Credentials",
        "filename": "tests/unit/conftest_backup.py",
        "hashed_secret": "a94a8fe5ccb19ba61c4c0873d391e987982fbbd3",
        "is_verified": false,
        "line_number": 155
      },
      {
        "type": "Secret Keyword",
        "filename": "tests/unit/conftest_backup.py",
        "hashed_secret": "2e7a7ee14caebf378fc32d6cf6f557f347c96773",
        "is_verified": false,
        "line_number": 156
      }
    ],
    "tests/unit/schemas/conftest_backup.py": [
      {
        "type": "Secret Keyword",
        "filename": "tests/unit/schemas/conftest_backup.py",
        "hashed_secret": "d4e0e04792fd434b5dc9c4155c178f66edcf4ed3",
        "is_verified": false,
        "line_number": 13
      },
      {
        "type": "Secret Keyword",
        "filename": "tests/unit/schemas/conftest_backup.py",
        "hashed_secret": "2e7a7ee14caebf378fc32d6cf6f557f347c96773",
        "is_verified": false,
        "line_number": 15
      },
      {
        "type": "Basic Auth Credentials",
        "filename": "tests/unit/schemas/conftest_backup.py",
        "hashed_secret": "a94a8fe5ccb19ba61c4c0873d391e987982fbbd3",
        "is_verified": false,
        "line_number": 21
      },
      {
        "type": "Secret Keyword",
        "filename": "tests/unit/schemas/conftest_backup.py",
        "hashed_secret": "7288edd0fc3ffcbe93a0cf06e3568e28521687bc",
        "is_verified": false,
        "line_number": 24
      }
    ],
    "tests/unit/schemas/test_data_validation.py": [
      {
        "type": "Secret Keyword",
        "filename": "tests/unit/schemas/test_data_validation.py",
        "hashed_secret": "d4e0e04792fd434b5dc9c4155c178f66edcf4ed3",
        "is_verified": false,
        "line_number": 82
      }
    ],
    "tests/unit/schemas/test_device_flow_config.py": [
      {
        "type": "Secret Keyword",
        "filename": "tests/unit/schemas/test_device_flow_config.py",
        "hashed_secret": "fe1bae27cb7c1fb823f496f286e78f1d2ae87734",
        "is_verified": false,
        "line_number": 23
      },
      {
        "type": "Secret Keyword",
        "filename": "tests/unit/schemas/test_device_flow_config.py",
        "hashed_secret": "8a8281cec699f5e51330e21dd7fab3531af6ef0c",
        "is_verified": false,
        "line_number": 48
      },
      {
        "type": "Base64 High Entropy String",
        "filename": "tests/unit/schemas/test_device_flow_config.py",
        "hashed_secret": "ca15d23a2ccdee96d9e8e0ea5041e091d352266d",
        "is_verified": false,
        "line_number": 149
      }
    ],
    "tests/unit/schemas/test_system_initialization_atomic.py": [
      {
        "type": "Secret Keyword",
        "filename": "tests/unit/schemas/test_system_initialization_atomic.py",
        "hashed_secret": "2363577c3336ba4e1523b91289a777c528382e22",
        "is_verified": false,
        "line_number": 192
      },
      {
        "type": "Secret Keyword",
        "filename": "tests/unit/schemas/test_system_initialization_atomic.py",
        "hashed_secret": "75ddfb45216fe09680dfe70eda4f559a910c832c",
        "is_verified": false,
        "line_number": 202
      }
    ],
    "tests/unit/services/conftest.py": [
      {
        "type": "Secret Keyword",
        "filename": "tests/unit/services/conftest.py",
        "hashed_secret": "d4e0e04792fd434b5dc9c4155c178f66edcf4ed3",
        "is_verified": false,
        "line_number": 152
      },
      {
        "type": "Basic Auth Credentials",
        "filename": "tests/unit/services/conftest.py",
        "hashed_secret": "a94a8fe5ccb19ba61c4c0873d391e987982fbbd3",
        "is_verified": false,
        "line_number": 155
      },
      {
        "type": "Secret Keyword",
        "filename": "tests/unit/services/conftest.py",
        "hashed_secret": "2e7a7ee14caebf378fc32d6cf6f557f347c96773",
        "is_verified": false,
        "line_number": 156
      }
    ],
    "tests/unit/services/test_cli_atomic.py": [
      {
        "type": "JSON Web Token",
        "filename": "tests/unit/services/test_cli_atomic.py",
        "hashed_secret": "d6b66ddd9ea7dbe760114bfe9a97352a5e139134",
        "is_verified": false,
        "line_number": 178
      }
    ],
    "tests/unit/services/test_cli_client.py": [
      {
        "type": "JSON Web Token",
        "filename": "tests/unit/services/test_cli_client.py",
        "hashed_secret": "ab54909e177ca602cdfc78c1f34bb09701da61cd",
        "is_verified": false,
        "line_number": 12
      }
    ],
    "tests/unit/services/test_device_flow_auth.py": [
      {
        "type": "Secret Keyword",
        "filename": "tests/unit/services/test_device_flow_auth.py",
        "hashed_secret": "03f5e2d670af3e9183f3fe790785b0d41291a17d",
        "is_verified": false,
        "line_number": 28
      },
      {
        "type": "JSON Web Token",
        "filename": "tests/unit/services/test_device_flow_auth.py",
        "hashed_secret": "f83bba812e352c4ab583a5d81891bd7b1ba9be90",
        "is_verified": false,
        "line_number": 161
      }
    ],
    "tests/unit/services/test_llm_provider_service.py": [
      {
        "type": "Secret Keyword",
        "filename": "tests/unit/services/test_llm_provider_service.py",
        "hashed_secret": "74ba31d41223751c75cc0a453dd7df04889bdc72",
        "is_verified": false,
        "line_number": 75
      }
    ],
    "tests/unit/services/test_system_initialization_service.py": [
      {
        "type": "Secret Keyword",
        "filename": "tests/unit/services/test_system_initialization_service.py",
        "hashed_secret": "2363577c3336ba4e1523b91289a777c528382e22",
        "is_verified": false,
        "line_number": 29
      },
      {
        "type": "Secret Keyword",
        "filename": "tests/unit/services/test_system_initialization_service.py",
        "hashed_secret": "75ddfb45216fe09680dfe70eda4f559a910c832c",
        "is_verified": false,
        "line_number": 32
      },
      {
        "type": "Secret Keyword",
        "filename": "tests/unit/services/test_system_initialization_service.py",
        "hashed_secret": "a288513f2a30d39a5123d8cdc53914d71db049b6",
        "is_verified": false,
        "line_number": 33
      },
      {
        "type": "Secret Keyword",
        "filename": "tests/unit/services/test_system_initialization_service.py",
        "hashed_secret": "3acfb2c2b433c0ea7ff107e33df91b18e52f960f",
        "is_verified": false,
        "line_number": 367
      }
    ]
  },
  "generated_at": "2025-10-27T21:11:29Z"
}
